Microchip MPLAB XC8 Compiler V2.36

Linker command line:

-W-3 --edf=C:\Program Files\Microchip\xc8\v2.36\pic\dat\en_msgs.txt -cn \
  -h+dist/default/production\standart_24.X.production.sym \
  --cmf=dist/default/production\standart_24.X.production.cmf -z -Q16F1824 \
  -oC:\Users\U3B6\AppData\Local\Temp\xcAsfbo.4 --defsym=__MPLAB_BUILD=1 \
  -Mdist/default/production/standart_24.X.production.map \
  --md=C:\Users\U3B6\AppData\Local\Temp\xcAsfbo.dat -E1 -ver=XC8 Compiler \
  --acfsm=1493 -ACODE=00h-07FFhx2 -ASTRCODE=00h-0FFFh -ASTRING=00h-0FFhx16 \
  -ACONST=00h-0FFhx16 -AENTRY=00h-0FFhx16 -ACOMMON=070h-07Fh \
  -ABANK0=020h-06Fh -ABANK1=0A0h-0EFh -ABANK2=0120h-016Fh \
  -ABIGRAM=02000h-020EFh -ARAM=020h-06Fh,0A0h-0EFh,0120h-016Fh \
  -AABS1=020h-07Fh,0A0h-0EFh,0120h-016Fh -ASFR0=00h-01Fh -ASFR1=080h-09Fh \
  -ASFR2=0100h-011Fh -ASFR3=0180h-01EFh -ASFR4=0200h-026Fh \
  -ASFR5=0280h-02EFh -ASFR6=0300h-036Fh -ASFR7=0380h-03EFh \
  -ASFR8=0400h-046Fh -ASFR9=0480h-04EFh -ASFR10=0500h-056Fh \
  -ASFR11=0580h-05EFh -ASFR12=0600h-066Fh -ASFR13=0680h-06EFh \
  -ASFR14=0700h-076Fh -ASFR15=0780h-07EFh -ASFR16=0800h-086Fh \
  -ASFR17=0880h-08EFh -ASFR18=0900h-096Fh -ASFR19=0980h-09EFh \
  -ASFR20=0A00h-0A6Fh -ASFR21=0A80h-0AEFh -ASFR22=0B00h-0B6Fh \
  -ASFR23=0B80h-0BEFh -ASFR24=0C00h-0C6Fh -ASFR25=0C80h-0CEFh \
  -ASFR26=0D00h-0D6Fh -ASFR27=0D80h-0DEFh -ASFR28=0E00h-0E6Fh \
  -ASFR29=0E80h-0EEFh -ASFR30=0F00h-0F6Fh -ASFR31=0F80h-0FEFh \
  -ACONFIG=08007h-08008h -DCONFIG=2 -AIDLOC=08000h-08003h -DIDLOC=2 \
  -AEEDATA=00h-0FFh/0F000h -peeprom_data=EEDATA -DEEDATA=2 -DCODE=2 \
  -DSTRCODE=2 -DSTRING=2 -DCONST=2 -DENTRY=2 \
  -preset_vec=00h,intentry=04h,init,end_init -ppowerup=CODE -pcinit=CODE \
  -pfunctab=ENTRY -k C:\Users\U3B6\AppData\Local\Temp\xcAsfbo.o \
  dist/default/production\standart_24.X.production.o 

Object code version is 3.11

Machine type is 16F1824



                Name                               Link     Load   Length Selector   Space Scale
C:\Users\U3B6\AppData\Local\Temp\xcAsfbo.o
                end_init                             2D       2D        2        8       0
                reset_vec                             0        0        2        0       0
                config                             8007     8007        2        0       4
                idloc                              8000     8000        4        0       5
dist/default/production\standart_24.X.production.o
                cinit                                2F       2F       1C        8       0
                intentry                              4        4       29        8       0
                config                             8007     8007        2        0       4
                idloc                              8000     8000        4        0       5
                codecov_info                          0        0     2CA8        0       6
                codecov_info_hdr                      0        0       10        0       6
                text50                              65E      65E        F        8       0
                text49                              6B7      6B7        3      D6E       0
                text48                              61D      61D       12        8       0
                text47                              64F      64F        F        8       0
                text46                              6A0      6A0        6        8       0
                text45                              530      530       19        8       0
                text44                              4E4      4E4       1A        8       0
                text43                              60B      60B       12        8       0
                text42                              283      283       43        8       0
                text41                              549      549       18        8       0
                text40                              12F      12F       60        8       0
                text39                              63F      63F       10        8       0
                text38                               4B       4B       81        8       0
                text37                              69A      69A        6        8       0
                text36                              2C6      2C6       42        8       0
                text35                              6C6      6C6        2      D8C       0
                text34                              62F      62F       10        8       0
                text32                              462      462       24        8       0
                text31                              4C8      4C8       1C        8       0
                text30                              5F9      5F9       12        8       0
                text29                              5BD      5BD       15        8       0
                text28                              4A7      4A7       21        8       0
                text27                              18F      18F       5A        8       0
                text26                              3EA      3EA       2A        8       0
                text25                              5A6      5A6       17        8       0
                text24                              486      486       21        8       0
                text23                              1E9      1E9       52        8       0
                text22                              23B      23B       48        8       0
                text21                              383      383       3B        8       0
                text20                              517      517       19        8       0
                text19                              6AB      6AB        5        8       0
                text18                              67E      67E        8        8       0
                text17                               CC       CC       63        8       0
                text16                              348      348       3B        8       0
                text15                              66D      66D        9        8       0
                text14                              676      676        8        8       0
                text13                              58F      58F       17        8       0
                text12                              68D      68D        7        8       0
                text11                              578      578       17        8       0
                text10                              686      686        7        8       0
                text9                               5E6      5E6       13        8       0
                text8                               6A6      6A6        5        8       0
                text7                               5D2      5D2       14        8       0
                text6                               6B0      6B0        4        8       0
                text5                               4FE      4FE       19        8       0
                text4                               43C      43C       26        8       0
                text3                               561      561       17        8       0
                text2                               308      308       40        8       0
                text1                               3BE      3BE       2C        8       0
                maintext                            414      414       28        8       0
                cstackBANK0                          58       58        2       20       1
                cstackCOMMON                         73       73        6       70       1
                clrtext                             694      694        6        8       0
                bssBANK0                             34       34       1F       20       1
                bitbssBANK0                         100       20       9F       20       1     8
                bssCOMMON                            79       79        5       70       1
                bitbssCOMMON                        380       70       18       70       1     8
                nvBANK0                              53       53        5       20       1
                stringtext18                        6D2      6D2        1      D90       0
                stringtext17                        6D1      6D1        1      D90       0
                stringtext16                        6D0      6D0        1      D90       0
                stringtext15                        6CF      6CF        1      D90       0
                stringtext14                        6CE      6CE        1      D90       0
                stringtext13                        6CD      6CD        1      D90       0
                stringtext12                        6CC      6CC        1      D90       0
                stringtext11                        6CB      6CB        1      D90       0
                stringtext10                        6C4      6C4        2      D74       0
                stringtext9                         6C2      6C2        2      D74       0
                stringtext8                         6C0      6C0        2      D74       0
                stringtext7                         6CA      6CA        1      D90       0
                stringtext6                         6C9      6C9        1      D90       0
                stringtext5                         6C8      6C8        1      D90       0
                stringtext4                         6BE      6BE        2      D74       0
                stringtext3                         6BC      6BC        2      D74       0
                stringtext2                         6BA      6BA        2      D74       0
                stringtext1                         6B4      6B4        3      D68       0

TOTAL           Name                               Link     Load   Length     Space
        CLASS   CODE           
                end_init                             2D       2D        2         0
                cinit                                2F       2F       1C         0
                intentry                              4        4       29         0
                reset_vec                             0        0        2         0
                text50                              65E      65E        F         0
                text49                              6B7      6B7        3         0
                text48                              61D      61D       12         0
                text47                              64F      64F        F         0
                text46                              6A0      6A0        6         0
                text45                              530      530       19         0
                text44                              4E4      4E4       1A         0
                text43                              60B      60B       12         0
                text42                              283      283       43         0
                text41                              549      549       18         0
                text40                              12F      12F       60         0
                text39                              63F      63F       10         0
                text38                               4B       4B       81         0
                text37                              69A      69A        6         0
                text36                              2C6      2C6       42         0
                text35                              6C6      6C6        2         0
                text34                              62F      62F       10         0
                text32                              462      462       24         0
                text31                              4C8      4C8       1C         0
                text30                              5F9      5F9       12         0
                text29                              5BD      5BD       15         0
                text28                              4A7      4A7       21         0
                text27                              18F      18F       5A         0
                text26                              3EA      3EA       2A         0
                text25                              5A6      5A6       17         0
                text24                              486      486       21         0
                text23                              1E9      1E9       52         0
                text22                              23B      23B       48         0
                text21                              383      383       3B         0
                text20                              517      517       19         0
                text19                              6AB      6AB        5         0
                text18                              67E      67E        8         0
                text17                               CC       CC       63         0
                text16                              348      348       3B         0
                text15                              66D      66D        9         0
                text14                              676      676        8         0
                text13                              58F      58F       17         0
                text12                              68D      68D        7         0
                text11                              578      578       17         0
                text10                              686      686        7         0
                text9                               5E6      5E6       13         0
                text8                               6A6      6A6        5         0
                text7                               5D2      5D2       14         0
                text6                               6B0      6B0        4         0
                text5                               4FE      4FE       19         0
                text4                               43C      43C       26         0
                text3                               561      561       17         0
                text2                               308      308       40         0
                text1                               3BE      3BE       2C         0
                maintext                            414      414       28         0
                clrtext                             694      694        6         0

        CLASS   STRCODE        
                stringtext18                        6D2      6D2        1         0
                stringtext17                        6D1      6D1        1         0
                stringtext16                        6D0      6D0        1         0
                stringtext15                        6CF      6CF        1         0
                stringtext14                        6CE      6CE        1         0
                stringtext13                        6CD      6CD        1         0
                stringtext12                        6CC      6CC        1         0
                stringtext11                        6CB      6CB        1         0
                stringtext10                        6C4      6C4        2         0
                stringtext9                         6C2      6C2        2         0
                stringtext8                         6C0      6C0        2         0
                stringtext7                         6CA      6CA        1         0
                stringtext6                         6C9      6C9        1         0
                stringtext5                         6C8      6C8        1         0
                stringtext4                         6BE      6BE        2         0
                stringtext3                         6BC      6BC        2         0
                stringtext2                         6BA      6BA        2         0
                stringtext1                         6B4      6B4        3         0

        CLASS   STRING         

        CLASS   CONST          

        CLASS   ENTRY          

        CLASS   COMMON         
                cstackCOMMON                         73       73        6         1
                bssCOMMON                            79       79        5         1
                bitbssCOMMON                        380       70       18         1

        CLASS   BANK0          
                cstackBANK0                          58       58        2         1
                bssBANK0                             34       34       1F         1
                bitbssBANK0                         100       20       9F         1
                nvBANK0                              53       53        5         1

        CLASS   BANK1          

        CLASS   BANK2          

        CLASS   BIGRAM         

        CLASS   RAM            

        CLASS   ABS1           
                abs_s1                               7E       7E        2         1

        CLASS   SFR0           

        CLASS   SFR1           

        CLASS   SFR2           

        CLASS   SFR3           

        CLASS   SFR4           

        CLASS   SFR5           

        CLASS   SFR6           

        CLASS   SFR7           

        CLASS   SFR8           

        CLASS   SFR9           

        CLASS   SFR10          

        CLASS   SFR11          

        CLASS   SFR12          

        CLASS   SFR13          

        CLASS   SFR14          

        CLASS   SFR15          

        CLASS   SFR16          

        CLASS   SFR17          

        CLASS   SFR18          

        CLASS   SFR19          

        CLASS   SFR20          

        CLASS   SFR21          

        CLASS   SFR22          

        CLASS   SFR23          

        CLASS   SFR24          

        CLASS   SFR25          

        CLASS   SFR26          

        CLASS   SFR27          

        CLASS   SFR28          

        CLASS   SFR29          

        CLASS   SFR30          

        CLASS   SFR31          

        CLASS   CONFIG         
                config                             8007     8007        2         4

        CLASS   IDLOC          
                idloc                              8000     8000        4         5

        CLASS   EEDATA         

        CLASS   BANK31         

        CLASS   BANK30         

        CLASS   BANK29         

        CLASS   BANK28         

        CLASS   BANK27         

        CLASS   BANK26         

        CLASS   BANK25         

        CLASS   BANK24         

        CLASS   BANK23         

        CLASS   BANK22         

        CLASS   BANK21         

        CLASS   BANK20         

        CLASS   BANK19         

        CLASS   BANK18         

        CLASS   BANK17         

        CLASS   BANK16         

        CLASS   BANK15         

        CLASS   BANK14         

        CLASS   BANK13         

        CLASS   BANK12         

        CLASS   BANK11         

        CLASS   BANK10         

        CLASS   BANK9          

        CLASS   BANK8          

        CLASS   BANK7          

        CLASS   BANK6          

        CLASS   BANK5          

        CLASS   BANK4          

        CLASS   BANK3          

        CLASS   HEAP           

        CLASS   STACK          

        CLASS   UNCLASSED
                codecov_info                          0        0     2CA8         6
                codecov_info_hdr                      0        0       10         6


SEGMENTS        Name                           Load    Length   Top    Selector   Space  Class     Delta

                reset_vec                      000000  000002  000002         0       0  CODE        2
                intentry                       000004  0006B0  0006B4         8       0  CODE        2
                bitbssBANK0                    000020  00003A  00005A        20       1  BANK0       1
                bitbssCOMMON                   000070  00000E  00007E        70       1  COMMON      1
                stringtext1                    0006B4  000003  0006B7       D68       0  STRCODE     2
                text49                         0006B7  000003  0006BA       D6E       0  CODE        2
                stringtext2                    0006BA  00000C  0006C6       D74       0  STRCODE     2
                text35                         0006C6  000002  0006C8       D8C       0  CODE        2
                stringtext5                    0006C8  00000B  0006D3       D90       0  STRCODE     2


UNUSED ADDRESS RANGES

        Name                Unused          Largest block    Delta
        BANK0            0005A-0006F              16           1
        BANK1            000A0-000EF              50           1
        BANK2            00120-0016F              50           1
        BIGRAM           02000-020EF              F0           1
        CODE             00002-00003               2           2
                         006D3-00FFF             12D
        CONST            00002-00003               2           2
                         006D3-00FFF             100
        EEDATA           0F000-0F0FF             100           2
        ENTRY            00002-00003               2           2
                         006D3-00FFF             100
        RAM              0005A-0006F              16           1
                         000A0-000EF              50
                         00120-0016F              50
        SFR0             00000-0001F              20           1
        SFR1             00080-0009F              20           1
        SFR10            00500-0056F              70           1
        SFR11            00580-005EF              70           1
        SFR12            00600-0066F              70           1
        SFR13            00680-006EF              70           1
        SFR14            00700-0076F              70           1
        SFR15            00780-007EF              70           1
        SFR16            00800-0086F              70           1
        SFR17            00880-008EF              70           1
        SFR18            00900-0096F              70           1
        SFR19            00980-009EF              70           1
        SFR2             00100-0011F              20           1
        SFR20            00A00-00A6F              70           1
        SFR21            00A80-00AEF              70           1
        SFR22            00B00-00B6F              70           1
        SFR23            00B80-00BEF              70           1
        SFR24            00C00-00C6F              70           1
        SFR25            00C80-00CEF              70           1
        SFR26            00D00-00D6F              70           1
        SFR27            00D80-00DEF              70           1
        SFR28            00E00-00E6F              70           1
        SFR29            00E80-00EEF              70           1
        SFR3             00180-001EF              70           1
        SFR30            00F00-00F6F              70           1
        SFR31            00F80-00FEF              70           1
        SFR4             00200-0026F              70           1
        SFR5             00280-002EF              70           1
        SFR6             00300-0036F              70           1
        SFR7             00380-003EF              70           1
        SFR8             00400-0046F              70           1
        SFR9             00480-004EF              70           1
        STRCODE          00002-00003               2           2
                         006D3-00FFF             92D
        STRING           00002-00003               2           2
                         006D3-00FFF             100

                                  Symbol Table

ADC_GetConversion@channel                 cstackCOMMON     00076
EEPROM_ReadByte@addr                      cstackCOMMON     00077
EEPROM_WriteByte@addr                     cstackCOMMON     00078
EEPROM_WriteByte@dt                       cstackCOMMON     00075
EEPROM_WriteByte@status                   bitbssCOMMON     00397
TMR0_SetInterruptHandler@InterruptHandler cstackCOMMON     00075
TMR2_SetInterruptHandler@InterruptHandler cstackCOMMON     00075
_ADCON0                                   (abs)            0009D
_ADCON0bits                               (abs)            0009D
_ADCON1                                   (abs)            0009E
_ADC_GetConversion                        text20           00517
_ADC_Initialize                           text15           0066D
_ADRESH                                   (abs)            0009C
_ADRESL                                   (abs)            0009B
_ANSELA                                   (abs)            0018C
_ANSELAbits                               (abs)            0018C
_ANSELC                                   (abs)            0018E
_ANSELCbits                               (abs)            0018E
_APFCON0                                  (abs)            0011D
_APFCON1                                  (abs)            0011E
_BORCON                                   (abs)            00116
_EEADR                                    (abs)            00191
_EECON2                                   (abs)            00196
_EEDATA                                   (abs)            00193
_EEPROM_ReadByte                          text5            004FE
_EEPROM_WriteByte                         text4            0043C
_GIE                                      (abs)            0005F
_INTCONbits                               (abs)            0000B
_INTERRUPT_InterruptManager               intentry         00004
_LATA                                     (abs)            0010C
_LATAbits                                 (abs)            0010C
_LATC                                     (abs)            0010E
_LATCbits                                 (abs)            0010E
_OPTION_REG                               (abs)            00095
_OPTION_REGbits                           (abs)            00095
_OSCCON                                   (abs)            00099
_OSCILLATOR_Initialize                    text14           00676
_OSCTUNE                                  (abs)            00098
_PIE1bits                                 (abs)            00091
_PIN_MANAGER_Initialize                   text13           0058F
_PIR1bits                                 (abs)            00011
_PORTAbits                                (abs)            0000C
_PORTCbits                                (abs)            0000E
_PR2                                      (abs)            0001B
_RD                                       (abs)            00CA8
_SYSTEM_Initialize                        text7            005D2
_T2CON                                    (abs)            0001C
_T2CONbits                                (abs)            0001C
_TMR0                                     (abs)            00015
_TMR0_DefaultInterruptHandler             text49           006B7
_TMR0_ISR                                 text48           0061D
_TMR0_Initialize                          text11           00578
_TMR0_InterruptHandler                    nvBANK0          00053
_TMR0_SetInterruptHandler                 text12           0068D
_TMR2                                     (abs)            0001A
_TMR2_DefaultInterruptHandler             text35           006C6
_TMR2_ISR                                 text34           0062F
_TMR2_Initialize                          text9            005E6
_TMR2_InterruptHandler                    nvBANK0          00055
_TMR2_SetInterruptHandler                 text10           00686
_TMR2_StartTimer                          text6            006B0
_TRISA                                    (abs)            0008C
_TRISAbits                                (abs)            0008C
_TRISC                                    (abs)            0008E
_TRISCbits                                (abs)            0008E
_WDTCON                                   (abs)            00097
_WDT_Initialize                           text8            006A6
_WPUA                                     (abs)            0020C
_WPUC                                     (abs)            0020E
_WR                                       (abs)            00CA9
_WREN                                     (abs)            00CAA
__Habs1                                   abs1             00000
__Hbank0                                  bank0            00000
__Hbank1                                  bank1            00000
__Hbank10                                 bank10           00000
__Hbank11                                 bank11           00000
__Hbank12                                 bank12           00000
__Hbank13                                 bank13           00000
__Hbank14                                 bank14           00000
__Hbank15                                 bank15           00000
__Hbank16                                 bank16           00000
__Hbank17                                 bank17           00000
__Hbank18                                 bank18           00000
__Hbank19                                 bank19           00000
__Hbank2                                  bank2            00000
__Hbank20                                 bank20           00000
__Hbank21                                 bank21           00000
__Hbank22                                 bank22           00000
__Hbank23                                 bank23           00000
__Hbank24                                 bank24           00000
__Hbank25                                 bank25           00000
__Hbank26                                 bank26           00000
__Hbank27                                 bank27           00000
__Hbank28                                 bank28           00000
__Hbank29                                 bank29           00000
__Hbank3                                  bank3            00000
__Hbank30                                 bank30           00000
__Hbank31                                 bank31           00000
__Hbank4                                  bank4            00000
__Hbank5                                  bank5            00000
__Hbank6                                  bank6            00000
__Hbank7                                  bank7            00000
__Hbank8                                  bank8            00000
__Hbank9                                  bank9            00000
__Hbigram                                 bigram           00000
__HbitbssBANK0                            bitbssBANK0      00000
__HbitbssCOMMON                           bitbssCOMMON     00000
__HbssBANK0                               bssBANK0         00000
__HbssCOMMON                              bssCOMMON        00000
__Hcinit                                  cinit            0004B
__Hclrtext                                clrtext          00000
__Hcode                                   code             00000
__Hcodecov_info                           codecov_info     02CA8
__Hcodecov_info_hdr                       codecov_info_hdr 00010
__Hcommon                                 common           00000
__Hconfig                                 config           08009
__HcstackBANK0                            cstackBANK0      00000
__HcstackCOMMON                           cstackCOMMON     00000
__Heeprom_data                            eeprom_data      00000
__Hend_init                               end_init         0002F
__Hfunctab                                functab          00000
__Hheap                                   heap             00000
__Hidloc                                  idloc            08004
__Hinit                                   init             0002D
__Hintentry                               intentry         0002D
__Hmaintext                               maintext         00000
__HnvBANK0                                nvBANK0          00000
__Hpowerup                                powerup          00000
__Hram                                    ram              00000
__Hreset_vec                              reset_vec        00002
__Hsfr0                                   sfr0             00000
__Hsfr1                                   sfr1             00000
__Hsfr10                                  sfr10            00000
__Hsfr11                                  sfr11            00000
__Hsfr12                                  sfr12            00000
__Hsfr13                                  sfr13            00000
__Hsfr14                                  sfr14            00000
__Hsfr15                                  sfr15            00000
__Hsfr16                                  sfr16            00000
__Hsfr17                                  sfr17            00000
__Hsfr18                                  sfr18            00000
__Hsfr19                                  sfr19            00000
__Hsfr2                                   sfr2             00000
__Hsfr20                                  sfr20            00000
__Hsfr21                                  sfr21            00000
__Hsfr22                                  sfr22            00000
__Hsfr23                                  sfr23            00000
__Hsfr24                                  sfr24            00000
__Hsfr25                                  sfr25            00000
__Hsfr26                                  sfr26            00000
__Hsfr27                                  sfr27            00000
__Hsfr28                                  sfr28            00000
__Hsfr29                                  sfr29            00000
__Hsfr3                                   sfr3             00000
__Hsfr30                                  sfr30            00000
__Hsfr31                                  sfr31            00000
__Hsfr4                                   sfr4             00000
__Hsfr5                                   sfr5             00000
__Hsfr6                                   sfr6             00000
__Hsfr7                                   sfr7             00000
__Hsfr8                                   sfr8             00000
__Hsfr9                                   sfr9             00000
__Hspace_0                                (abs)            006D3
__Hspace_1                                (abs)            00398
__Hspace_2                                (abs)            00000
__Hspace_3                                (abs)            00000
__Hspace_4                                (abs)            10010
__Hstack                                  stack            00000
__Hstrings                                strings          00000
__Hstringtext1                            stringtext1      00000
__Hstringtext10                           stringtext10     00000
__Hstringtext11                           stringtext11     00000
__Hstringtext12                           stringtext12     00000
__Hstringtext13                           stringtext13     00000
__Hstringtext14                           stringtext14     00000
__Hstringtext15                           stringtext15     00000
__Hstringtext16                           stringtext16     00000
__Hstringtext17                           stringtext17     00000
__Hstringtext18                           stringtext18     00000
__Hstringtext2                            stringtext2      00000
__Hstringtext3                            stringtext3      00000
__Hstringtext4                            stringtext4      00000
__Hstringtext5                            stringtext5      00000
__Hstringtext6                            stringtext6      00000
__Hstringtext7                            stringtext7      00000
__Hstringtext8                            stringtext8      00000
__Hstringtext9                            stringtext9      00000
__Htext                                   text             00000
__Labs1                                   abs1             00000
__Lbank0                                  bank0            00000
__Lbank1                                  bank1            00000
__Lbank10                                 bank10           00000
__Lbank11                                 bank11           00000
__Lbank12                                 bank12           00000
__Lbank13                                 bank13           00000
__Lbank14                                 bank14           00000
__Lbank15                                 bank15           00000
__Lbank16                                 bank16           00000
__Lbank17                                 bank17           00000
__Lbank18                                 bank18           00000
__Lbank19                                 bank19           00000
__Lbank2                                  bank2            00000
__Lbank20                                 bank20           00000
__Lbank21                                 bank21           00000
__Lbank22                                 bank22           00000
__Lbank23                                 bank23           00000
__Lbank24                                 bank24           00000
__Lbank25                                 bank25           00000
__Lbank26                                 bank26           00000
__Lbank27                                 bank27           00000
__Lbank28                                 bank28           00000
__Lbank29                                 bank29           00000
__Lbank3                                  bank3            00000
__Lbank30                                 bank30           00000
__Lbank31                                 bank31           00000
__Lbank4                                  bank4            00000
__Lbank5                                  bank5            00000
__Lbank6                                  bank6            00000
__Lbank7                                  bank7            00000
__Lbank8                                  bank8            00000
__Lbank9                                  bank9            00000
__Lbigram                                 bigram           00000
__LbitbssBANK0                            bitbssBANK0      00000
__LbitbssCOMMON                           bitbssCOMMON     00000
__LbssBANK0                               bssBANK0         00000
__LbssCOMMON                              bssCOMMON        00000
__Lcinit                                  cinit            0002F
__Lclrtext                                clrtext          00000
__Lcode                                   code             00000
__Lcodecov_info                           codecov_info     00000
__Lcodecov_info_hdr                       codecov_info_hdr 00000
__Lcommon                                 common           00000
__Lconfig                                 config           00000
__LcstackBANK0                            cstackBANK0      00000
__LcstackCOMMON                           cstackCOMMON     00000
__Leeprom_data                            eeprom_data      00000
__Lend_init                               end_init         0002D
__Lfunctab                                functab          00000
__Lheap                                   heap             00000
__Lidloc                                  idloc            00000
__Linit                                   init             0002D
__Lintentry                               intentry         00004
__Lmaintext                               maintext         00000
__LnvBANK0                                nvBANK0          00000
__Lpowerup                                powerup          00000
__Lram                                    ram              00000
__Lreset_vec                              reset_vec        00000
__Lsfr0                                   sfr0             00000
__Lsfr1                                   sfr1             00000
__Lsfr10                                  sfr10            00000
__Lsfr11                                  sfr11            00000
__Lsfr12                                  sfr12            00000
__Lsfr13                                  sfr13            00000
__Lsfr14                                  sfr14            00000
__Lsfr15                                  sfr15            00000
__Lsfr16                                  sfr16            00000
__Lsfr17                                  sfr17            00000
__Lsfr18                                  sfr18            00000
__Lsfr19                                  sfr19            00000
__Lsfr2                                   sfr2             00000
__Lsfr20                                  sfr20            00000
__Lsfr21                                  sfr21            00000
__Lsfr22                                  sfr22            00000
__Lsfr23                                  sfr23            00000
__Lsfr24                                  sfr24            00000
__Lsfr25                                  sfr25            00000
__Lsfr26                                  sfr26            00000
__Lsfr27                                  sfr27            00000
__Lsfr28                                  sfr28            00000
__Lsfr29                                  sfr29            00000
__Lsfr3                                   sfr3             00000
__Lsfr30                                  sfr30            00000
__Lsfr31                                  sfr31            00000
__Lsfr4                                   sfr4             00000
__Lsfr5                                   sfr5             00000
__Lsfr6                                   sfr6             00000
__Lsfr7                                   sfr7             00000
__Lsfr8                                   sfr8             00000
__Lsfr9                                   sfr9             00000
__Lspace_0                                (abs)            00000
__Lspace_1                                (abs)            00000
__Lspace_2                                (abs)            00000
__Lspace_3                                (abs)            00000
__Lspace_4                                (abs)            00000
__Lstack                                  stack            00000
__Lstrings                                strings          00000
__Lstringtext1                            stringtext1      00000
__Lstringtext10                           stringtext10     00000
__Lstringtext11                           stringtext11     00000
__Lstringtext12                           stringtext12     00000
__Lstringtext13                           stringtext13     00000
__Lstringtext14                           stringtext14     00000
__Lstringtext15                           stringtext15     00000
__Lstringtext16                           stringtext16     00000
__Lstringtext17                           stringtext17     00000
__Lstringtext18                           stringtext18     00000
__Lstringtext2                            stringtext2      00000
__Lstringtext3                            stringtext3      00000
__Lstringtext4                            stringtext4      00000
__Lstringtext5                            stringtext5      00000
__Lstringtext6                            stringtext6      00000
__Lstringtext7                            stringtext7      00000
__Lstringtext8                            stringtext8      00000
__Lstringtext9                            stringtext9      00000
__Ltext                                   text             00000
__S0                                      (abs)            006D3
__S1                                      (abs)            0007E
__S3                                      (abs)            00000
___heap_hi                                (abs)            00000
___heap_lo                                (abs)            00000
___int_sp                                 stack            00000
___latbits                                (abs)            00001
___sp                                     stack            00000
___stackhi                                (abs)            00000
___stacklo                                (abs)            00000
__ccov100_end_blk4                        text44           004F6
__ccov100_start_blk4                      text44           004F1
__ccov101_end_blk5                        text44           004F7
__ccov101_start_blk5                      text44           004F6
__ccov102_end_blk6                        text44           004FB
__ccov102_start_blk6                      text44           004F7
__ccov103_end_blk8                        text44           004FE
__ccov103_start_blk8                      text44           004FB
__ccov104_end_blk0                        text45           00534
__ccov104_start_blk0                      text45           00530
__ccov105_end_blk1                        text45           0053A
__ccov105_start_blk1                      text45           00534
__ccov106_end_blk2                        text45           0053D
__ccov106_start_blk2                      text45           0053A
__ccov107_end_blk4                        text45           00541
__ccov107_start_blk4                      text45           0053D
__ccov108_end_blk5                        text45           00542
__ccov108_start_blk5                      text45           00541
__ccov109_end_blk6                        text45           00546
__ccov109_start_blk6                      text45           00542
__ccov10_end_blk1                         text15           00671
__ccov10_start_blk1                       text15           00670
__ccov110_end_blk8                        text45           00549
__ccov110_start_blk8                      text45           00546
__ccov111_end_blk0                        text43           0060F
__ccov111_start_blk0                      text43           0060B
__ccov112_end_blk1                        text43           00615
__ccov112_start_blk1                      text43           0060F
__ccov113_end_blk3                        text43           0061A
__ccov113_start_blk3                      text43           00615
__ccov114_end_blk5                        text43           0061D
__ccov114_start_blk5                      text43           0061A
__ccov115_end_blk0                        text26           003EE
__ccov115_start_blk0                      text26           003EA
__ccov116_end_blk1                        text26           003F4
__ccov116_start_blk1                      text26           003EE
__ccov117_end_blk2                        text26           003F9
__ccov117_start_blk2                      text26           003F4
__ccov118_end_blk3                        text26           003FE
__ccov118_start_blk3                      text26           003F9
__ccov119_end_blk4                        text26           00411
__ccov119_start_blk4                      text26           003FE
__ccov11_end_blk2                         text15           00674
__ccov11_start_blk2                       text15           00671
__ccov120_end_blk6                        text26           00414
__ccov120_start_blk6                      text26           00411
__ccov121_end_blk0                        text32           00466
__ccov121_start_blk0                      text32           00462
__ccov122_end_blk1                        text32           0046C
__ccov122_start_blk1                      text32           00466
__ccov123_end_blk2                        text32           00471
__ccov123_start_blk2                      text32           0046C
__ccov124_end_blk3                        text32           00476
__ccov124_start_blk3                      text32           00471
__ccov125_end_blk4                        text32           00483
__ccov125_start_blk4                      text32           00476
__ccov126_end_blk6                        text32           00486
__ccov126_start_blk6                      text32           00483
__ccov127_end_blk0                        text31           004CC
__ccov127_start_blk0                      text31           004C8
__ccov128_end_blk1                        text31           004D2
__ccov128_start_blk1                      text31           004CC
__ccov129_end_blk2                        text31           004D7
__ccov129_start_blk2                      text31           004D2
__ccov12_end_blk3                         text15           00676
__ccov12_start_blk3                       text15           00674
__ccov130_end_blk3                        text31           004DC
__ccov130_start_blk3                      text31           004D7
__ccov131_end_blk4                        text31           004E1
__ccov131_start_blk4                      text31           004DC
__ccov132_end_blk7                        text31           004E4
__ccov132_start_blk7                      text31           004E1
__ccov133_end_blk0                        text25           005AA
__ccov133_start_blk0                      text25           005A6
__ccov134_end_blk1                        text25           005B0
__ccov134_start_blk1                      text25           005AA
__ccov135_end_blk2                        text25           005B6
__ccov135_start_blk2                      text25           005B0
__ccov136_end_blk3                        text25           005BB
__ccov136_start_blk3                      text25           005B6
__ccov137_end_blk5                        text25           005BD
__ccov137_start_blk5                      text25           005BB
__ccov138_end_blk0                        text30           005FD
__ccov138_start_blk0                      text30           005F9
__ccov139_end_blk1                        text30           00603
__ccov139_start_blk1                      text30           005FD
__ccov140_end_blk2                        text30           00608
__ccov140_start_blk2                      text30           00603
__ccov141_end_blk4                        text30           0060B
__ccov141_start_blk4                      text30           00608
__ccov142_end_blk0                        text29           005C6
__ccov142_start_blk0                      text29           005BD
__ccov143_end_blk1                        text29           005CA
__ccov143_start_blk1                      text29           005C6
__ccov144_end_blk2                        text29           005CD
__ccov144_start_blk2                      text29           005CA
__ccov145_end_blk3                        text29           005D0
__ccov145_start_blk3                      text29           005CD
__ccov146_end_blk4                        text29           005D2
__ccov146_start_blk4                      text29           005D0
__ccov147_end_blk0                        text24           0048A
__ccov147_start_blk0                      text24           00486
__ccov148_end_blk1                        text24           00490
__ccov148_start_blk1                      text24           0048A
__ccov149_end_blk2                        text24           00494
__ccov149_start_blk2                      text24           00490
__ccov150_end_blk3                        text24           0049A
__ccov150_start_blk3                      text24           00494
__ccov151_end_blk4                        text24           004A0
__ccov151_start_blk4                      text24           0049A
__ccov152_end_blk5                        text24           004A4
__ccov152_start_blk5                      text24           004A0
__ccov153_end_blk9                        text24           004A7
__ccov153_start_blk9                      text24           004A4
__ccov154_end_blk0                        text28           004AB
__ccov154_start_blk0                      text28           004A7
__ccov155_end_blk1                        text28           004B1
__ccov155_start_blk1                      text28           004AB
__ccov156_end_blk2                        text28           004B5
__ccov156_start_blk2                      text28           004B1
__ccov157_end_blk3                        text28           004BB
__ccov157_start_blk3                      text28           004B5
__ccov158_end_blk4                        text28           004C1
__ccov158_start_blk4                      text28           004BB
__ccov159_end_blk5                        text28           004C5
__ccov159_start_blk5                      text28           004C1
__ccov160_end_blk9                        text28           004C8
__ccov160_start_blk9                      text28           004C5
__ccov161_end_blk0                        text40           00133
__ccov161_start_blk0                      text40           0012F
__ccov162_end_blk1                        text40           0013A
__ccov162_start_blk1                      text40           00133
__ccov163_end_blk3                        text40           0013E
__ccov163_start_blk3                      text40           0013A
__ccov164_end_blk4                        text40           00146
__ccov164_start_blk4                      text40           0013E
__ccov165_end_blk5                        text40           0014A
__ccov165_start_blk5                      text40           00146
__ccov166_end_blk6                        text40           00151
__ccov166_start_blk6                      text40           0014A
__ccov167_end_blk7                        text40           00156
__ccov167_start_blk7                      text40           00151
__ccov168_end_blk10                       text40           0015C
__ccov168_start_blk10                     text40           00156
__ccov169_end_blk11                       text40           00162
__ccov169_start_blk11                     text40           0015C
__ccov170_end_blk12                       text40           00168
__ccov170_start_blk12                     text40           00162
__ccov171_end_blk13                       text40           00169
__ccov171_start_blk13                     text40           00168
__ccov172_end_blk14                       text40           0016F
__ccov172_start_blk14                     text40           00169
__ccov173_end_blk15                       text40           00172
__ccov173_start_blk15                     text40           0016F
__ccov174_end_blk18                       text40           00177
__ccov174_start_blk18                     text40           00172
__ccov175_end_blk20                       text40           0017E
__ccov175_start_blk20                     text40           00177
__ccov176_end_blk21                       text40           00182
__ccov176_start_blk21                     text40           0017E
__ccov177_end_blk22                       text40           00189
__ccov177_start_blk22                     text40           00182
__ccov178_end_blk23                       text40           0018D
__ccov178_start_blk23                     text40           00189
__ccov179_end_blk27                       text40           0018F
__ccov179_start_blk27                     text40           0018D
__ccov180_end_blk0                        text18           00682
__ccov180_start_blk0                      text18           0067E
__ccov181_end_blk1                        text18           00684
__ccov181_start_blk1                      text18           00682
__ccov182_end_blk2                        text18           00686
__ccov182_start_blk2                      text18           00684
__ccov183_end_blk0                        text19           006AD
__ccov183_start_blk0                      text19           006AB
__ccov184_end_blk1                        text19           006B0
__ccov184_start_blk1                      text19           006AD
__ccov185_end_blk0                        text23           001ED
__ccov185_start_blk0                      text23           001E9
__ccov186_end_blk1                        text23           001F3
__ccov186_start_blk1                      text23           001ED
__ccov187_end_blk2                        text23           001F8
__ccov187_start_blk2                      text23           001F3
__ccov188_end_blk3                        text23           001FD
__ccov188_start_blk3                      text23           001F8
__ccov189_end_blk4                        text23           00202
__ccov189_start_blk4                      text23           001FD
__ccov190_end_blk5                        text23           00207
__ccov190_start_blk5                      text23           00202
__ccov191_end_blk6                        text23           0020C
__ccov191_start_blk6                      text23           00207
__ccov192_end_blk7                        text23           0020E
__ccov192_start_blk7                      text23           0020C
__ccov193_end_blk8                        text23           00212
__ccov193_start_blk8                      text23           0020E
__ccov194_end_blk10                       text23           00216
__ccov194_start_blk10                     text23           00212
__ccov195_end_blk11                       text23           0021C
__ccov195_start_blk11                     text23           00216
__ccov196_end_blk12                       text23           00221
__ccov196_start_blk12                     text23           0021C
__ccov197_end_blk13                       text23           00226
__ccov197_start_blk13                     text23           00221
__ccov198_end_blk14                       text23           0022B
__ccov198_start_blk14                     text23           00226
__ccov199_end_blk15                       text23           00230
__ccov199_start_blk15                     text23           0022B
__ccov1_end_blk0                          text7            005E4
__ccov1_start_blk0                        text7            005D2
__ccov200_end_blk16                       text23           00234
__ccov200_start_blk16                     text23           00230
__ccov201_end_blk17                       text23           00238
__ccov201_start_blk17                     text23           00234
__ccov202_end_blk19                       text23           0023B
__ccov202_start_blk19                     text23           00238
__ccov203_end_blk0                        text1            003C2
__ccov203_start_blk0                      text1            003BE
__ccov204_end_blk1                        text1            003C8
__ccov204_start_blk1                      text1            003C2
__ccov205_end_blk2                        text1            003CA
__ccov205_start_blk2                      text1            003C8
__ccov206_end_blk3                        text1            003CD
__ccov206_start_blk3                      text1            003CA
__ccov207_end_blk4                        text1            003D4
__ccov207_start_blk4                      text1            003CD
__ccov208_end_blk6                        text1            003DA
__ccov208_start_blk6                      text1            003D4
__ccov209_end_blk7                        text1            003DF
__ccov209_start_blk7                      text1            003DA
__ccov210_end_blk8                        text1            003E1
__ccov210_start_blk8                      text1            003DF
__ccov211_end_blk9                        text1            003E4
__ccov211_start_blk9                      text1            003E1
__ccov212_end_blk10                       text1            003E8
__ccov212_start_blk10                     text1            003E4
__ccov213_end_blk14                       text1            003EA
__ccov213_start_blk14                     text1            003E8
__ccov214_end_blk0                        text27           0019E
__ccov214_start_blk0                      text27           0018F
__ccov215_end_blk1                        text27           001A3
__ccov215_start_blk1                      text27           0019E
__ccov216_end_blk2                        text27           001A8
__ccov216_start_blk2                      text27           001A3
__ccov217_end_blk3                        text27           001AD
__ccov217_start_blk3                      text27           001A8
__ccov218_end_blk4                        text27           001B2
__ccov218_start_blk4                      text27           001AD
__ccov219_end_blk5                        text27           001B5
__ccov219_start_blk5                      text27           001B2
__ccov220_end_blk6                        text27           001B7
__ccov220_start_blk6                      text27           001B5
__ccov221_end_blk7                        text27           001BF
__ccov221_start_blk7                      text27           001B7
__ccov222_end_blk9                        text27           001CD
__ccov222_start_blk9                      text27           001BF
__ccov223_end_blk10                       text27           001D2
__ccov223_start_blk10                     text27           001CD
__ccov224_end_blk11                       text27           001D7
__ccov224_start_blk11                     text27           001D2
__ccov225_end_blk12                       text27           001DC
__ccov225_start_blk12                     text27           001D7
__ccov226_end_blk13                       text27           001E1
__ccov226_start_blk13                     text27           001DC
__ccov227_end_blk14                       text27           001E4
__ccov227_start_blk14                     text27           001E1
__ccov228_end_blk15                       text27           001E7
__ccov228_start_blk15                     text27           001E4
__ccov229_end_blk17                       text27           001E9
__ccov229_start_blk17                     text27           001E7
__ccov22_end_blk0                         text20           00522
__ccov22_start_blk0                       text20           00517
__ccov230_end_blk0                        text41           0054F
__ccov230_start_blk0                      text41           00549
__ccov231_end_blk1                        text41           00553
__ccov231_start_blk1                      text41           0054F
__ccov232_end_blk3                        text41           00559
__ccov232_start_blk3                      text41           00553
__ccov233_end_blk4                        text41           0055A
__ccov233_start_blk4                      text41           00559
__ccov234_end_blk5                        text41           0055F
__ccov234_start_blk5                      text41           0055A
__ccov235_end_blk8                        text41           00561
__ccov235_start_blk8                      text41           0055F
__ccov236_end_blk0                        text39           00643
__ccov236_start_blk0                      text39           0063F
__ccov237_end_blk1                        text39           00647
__ccov237_start_blk1                      text39           00643
__ccov238_end_blk3                        text39           0064D
__ccov238_start_blk3                      text39           00647
__ccov239_end_blk5                        text39           0064F
__ccov239_start_blk5                      text39           0064D
__ccov23_end_blk1                         text20           00523
__ccov23_start_blk1                       text20           00522
__ccov240_end_blk0                        text38           00050
__ccov240_start_blk0                      text38           0004B
__ccov241_end_blk1                        text38           00054
__ccov241_start_blk1                      text38           00050
__ccov242_end_blk2                        text38           00059
__ccov242_start_blk2                      text38           00054
__ccov243_end_blk3                        text38           0005D
__ccov243_start_blk3                      text38           00059
__ccov244_end_blk4                        text38           0005F
__ccov244_start_blk4                      text38           0005D
__ccov245_end_blk6                        text38           00063
__ccov245_start_blk6                      text38           0005F
__ccov246_end_blk7                        text38           00067
__ccov246_start_blk7                      text38           00063
__ccov247_end_blk8                        text38           00072
__ccov247_start_blk8                      text38           00067
__ccov248_end_blk10                       text38           00076
__ccov248_start_blk10                     text38           00072
__ccov249_end_blk12                       text38           0007A
__ccov249_start_blk12                     text38           00076
__ccov24_end_blk2                         text20           00527
__ccov24_start_blk2                       text20           00523
__ccov250_end_blk13                       text38           00081
__ccov250_start_blk13                     text38           0007A
__ccov251_end_blk14                       text38           00088
__ccov251_start_blk14                     text38           00081
__ccov252_end_blk16                       text38           0008C
__ccov252_start_blk16                     text38           00088
__ccov253_end_blk18                       text38           0009D
__ccov253_start_blk18                     text38           0008C
__ccov254_end_blk19                       text38           000A3
__ccov254_start_blk19                     text38           0009D
__ccov255_end_blk20                       text38           000A7
__ccov255_start_blk20                     text38           000A3
__ccov256_end_blk21                       text38           000AE
__ccov256_start_blk21                     text38           000A7
__ccov257_end_blk22                       text38           000BC
__ccov257_start_blk22                     text38           000AE
__ccov258_end_blk23                       text38           000BE
__ccov258_start_blk23                     text38           000BC
__ccov259_end_blk27                       text38           000C4
__ccov259_start_blk27                     text38           000BE
__ccov25_end_blk3                         text20           00529
__ccov25_start_blk3                       text20           00527
__ccov260_end_blk28                       text38           000C7
__ccov260_start_blk28                     text38           000C4
__ccov261_end_blk29                       text38           000CA
__ccov261_start_blk29                     text38           000C7
__ccov262_end_blk31                       text38           000CC
__ccov262_start_blk31                     text38           000CA
__ccov263_end_blk0                        text42           00287
__ccov263_start_blk0                      text42           00283
__ccov264_end_blk1                        text42           0028D
__ccov264_start_blk1                      text42           00287
__ccov265_end_blk2                        text42           00292
__ccov265_start_blk2                      text42           0028D
__ccov266_end_blk4                        text42           00298
__ccov266_start_blk4                      text42           00292
__ccov267_end_blk5                        text42           0029D
__ccov267_start_blk5                      text42           00298
__ccov268_end_blk8                        text42           002A3
__ccov268_start_blk8                      text42           0029D
__ccov269_end_blk9                        text42           002A8
__ccov269_start_blk9                      text42           002A3
__ccov26_end_blk5                         text20           0052D
__ccov26_start_blk5                       text20           00529
__ccov270_end_blk10                       text42           002AF
__ccov270_start_blk10                     text42           002A8
__ccov271_end_blk13                       text42           002B4
__ccov271_start_blk13                     text42           002AF
__ccov272_end_blk14                       text42           002B8
__ccov272_start_blk14                     text42           002B4
__ccov273_end_blk16                       text42           002BF
__ccov273_start_blk16                     text42           002B8
__ccov274_end_blk17                       text42           002C3
__ccov274_start_blk17                     text42           002BF
__ccov275_end_blk22                       text42           002C6
__ccov275_start_blk22                     text42           002C3
__ccov276_end_blk0                        text47           00653
__ccov276_start_blk0                      text47           0064F
__ccov277_end_blk1                        text47           00659
__ccov277_start_blk1                      text47           00653
__ccov278_end_blk2                        text47           0065C
__ccov278_start_blk2                      text47           00659
__ccov279_end_blk4                        text47           0065E
__ccov279_start_blk4                      text47           0065C
__ccov27_end_blk7                         text20           0052E
__ccov27_start_blk7                       text20           0052D
__ccov280_end_blk0                        text36           002CB
__ccov280_start_blk0                      text36           002C6
__ccov281_end_blk1                        text36           002D1
__ccov281_start_blk1                      text36           002CB
__ccov282_end_blk2                        text36           002D5
__ccov282_start_blk2                      text36           002D1
__ccov283_end_blk3                        text36           002DC
__ccov283_start_blk3                      text36           002D5
__ccov284_end_blk4                        text36           002E0
__ccov284_start_blk4                      text36           002DC
__ccov285_end_blk7                        text36           002E1
__ccov285_start_blk7                      text36           002E0
__ccov286_end_blk8                        text36           002E2
__ccov286_start_blk8                      text36           002E1
__ccov287_end_blk9                        text36           002EA
__ccov287_start_blk9                      text36           002E2
__ccov288_end_blk10                       text36           002ED
__ccov288_start_blk10                     text36           002EA
__ccov289_end_blk11                       text36           002F5
__ccov289_start_blk11                     text36           002ED
__ccov28_end_blk9                         text20           00530
__ccov28_start_blk9                       text20           0052E
__ccov290_end_blk12                       text36           002F8
__ccov290_start_blk12                     text36           002F5
__ccov291_end_blk16                       text36           002FF
__ccov291_start_blk16                     text36           002F8
__ccov292_end_blk17                       text36           00302
__ccov292_start_blk17                     text36           002FF
__ccov293_end_blk18                       text36           00306
__ccov293_start_blk18                     text36           00302
__ccov294_end_blk20                       text36           00308
__ccov294_start_blk20                     text36           00306
__ccov295_end_blk0                        text3            00569
__ccov295_start_blk0                      text3            00561
__ccov296_end_blk1                        text3            0056E
__ccov296_start_blk1                      text3            00569
__ccov297_end_blk2                        text3            00575
__ccov297_start_blk2                      text3            0056E
__ccov298_end_blk4                        text3            00578
__ccov298_start_blk4                      text3            00575
__ccov299_end_blk0                        text16           00374
__ccov299_start_blk0                      text16           00348
__ccov2_end_blk1                          text7            005E6
__ccov2_start_blk1                        text7            005E4
__ccov300_end_blk1                        text16           00377
__ccov300_start_blk1                      text16           00374
__ccov301_end_blk2                        text16           0037B
__ccov301_start_blk2                      text16           00377
__ccov302_end_blk3                        text16           0037C
__ccov302_start_blk3                      text16           0037B
__ccov303_end_blk4                        text16           00380
__ccov303_start_blk4                      text16           0037C
__ccov304_end_blk7                        text16           00383
__ccov304_start_blk7                      text16           00380
__ccov306_end_blk1                        text50           0066A
__ccov306_start_blk1                      text50           0065E
__ccov307_end_blk3                        text50           0066D
__ccov307_start_blk3                      text50           0066A
__ccov308_end_blk0                        text17           000D0
__ccov308_start_blk0                      text17           000CC
__ccov309_end_blk1                        text17           000D2
__ccov309_start_blk1                      text17           000D0
__ccov310_end_blk3                        text17           000D4
__ccov310_start_blk3                      text17           000D2
__ccov311_end_blk5                        text17           000DC
__ccov311_start_blk5                      text17           000D4
__ccov312_end_blk6                        text17           000E7
__ccov312_start_blk6                      text17           000DC
__ccov313_end_blk8                        text17           000E9
__ccov313_start_blk8                      text17           000E7
__ccov314_end_blk11                       text17           000EB
__ccov314_start_blk11                     text17           000E9
__ccov315_end_blk13                       text17           000F5
__ccov315_start_blk13                     text17           000EB
__ccov316_end_blk14                       text17           000FB
__ccov316_start_blk14                     text17           000F5
__ccov317_end_blk16                       text17           00105
__ccov317_start_blk16                     text17           000FB
__ccov318_end_blk17                       text17           0010A
__ccov318_start_blk17                     text17           00105
__ccov319_end_blk20                       text17           00111
__ccov319_start_blk20                     text17           0010A
__ccov31_end_blk0                         text13           00592
__ccov31_start_blk0                       text13           0058F
__ccov320_end_blk21                       text17           00114
__ccov320_start_blk21                     text17           00111
__ccov321_end_blk22                       text17           0011A
__ccov321_start_blk22                     text17           00114
__ccov322_end_blk24                       text17           00121
__ccov322_start_blk24                     text17           0011A
__ccov323_end_blk25                       text17           00124
__ccov323_start_blk25                     text17           00121
__ccov324_end_blk26                       text17           0012A
__ccov324_start_blk26                     text17           00124
__ccov325_end_blk28                       text17           0012C
__ccov325_start_blk28                     text17           0012A
__ccov326_end_blk30                       text17           0012F
__ccov326_start_blk30                     text17           0012C
__ccov327_end_blk0                        text22           0023F
__ccov327_start_blk0                      text22           0023B
__ccov328_end_blk1                        text22           00241
__ccov328_start_blk1                      text22           0023F
__ccov329_end_blk3                        text22           00249
__ccov329_start_blk3                      text22           00241
__ccov32_end_blk1                         text13           00595
__ccov32_start_blk1                       text13           00592
__ccov330_end_blk5                        text22           0024B
__ccov330_start_blk5                      text22           00249
__ccov331_end_blk8                        text22           0024D
__ccov331_start_blk8                      text22           0024B
__ccov332_end_blk10                       text22           00252
__ccov332_start_blk10                     text22           0024D
__ccov333_end_blk11                       text22           00258
__ccov333_start_blk11                     text22           00252
__ccov334_end_blk13                       text22           0025D
__ccov334_start_blk13                     text22           00258
__ccov335_end_blk16                       text22           0025F
__ccov335_start_blk16                     text22           0025D
__ccov336_end_blk18                       text22           00267
__ccov336_start_blk18                     text22           0025F
__ccov337_end_blk19                       text22           0026B
__ccov337_start_blk19                     text22           00267
__ccov338_end_blk20                       text22           0026C
__ccov338_start_blk20                     text22           0026B
__ccov339_end_blk21                       text22           0026F
__ccov339_start_blk21                     text22           0026C
__ccov33_end_blk2                         text13           00597
__ccov33_start_blk2                       text13           00595
__ccov340_end_blk23                       text22           00277
__ccov340_start_blk23                     text22           0026F
__ccov341_end_blk24                       text22           0027B
__ccov341_start_blk24                     text22           00277
__ccov342_end_blk25                       text22           0027C
__ccov342_start_blk25                     text22           0027B
__ccov343_end_blk26                       text22           0027E
__ccov343_start_blk26                     text22           0027C
__ccov344_end_blk29                       text22           00280
__ccov344_start_blk29                     text22           0027E
__ccov345_end_blk31                       text22           00283
__ccov345_start_blk31                     text22           00280
__ccov346_end_blk0                        text21           00387
__ccov346_start_blk0                      text21           00383
__ccov347_end_blk1                        text21           00389
__ccov347_start_blk1                      text21           00387
__ccov348_end_blk3                        text21           0038B
__ccov348_start_blk3                      text21           00389
__ccov349_end_blk4                        text21           00390
__ccov349_start_blk4                      text21           0038B
__ccov34_end_blk3                         text13           0059A
__ccov34_start_blk3                       text13           00597
__ccov350_end_blk5                        text21           00396
__ccov350_start_blk5                      text21           00390
__ccov351_end_blk7                        text21           0039B
__ccov351_start_blk7                      text21           00396
__ccov352_end_blk9                        text21           003A2
__ccov352_start_blk9                      text21           0039B
__ccov353_end_blk10                       text21           003A6
__ccov353_start_blk10                     text21           003A2
__ccov354_end_blk11                       text21           003A7
__ccov354_start_blk11                     text21           003A6
__ccov355_end_blk12                       text21           003AA
__ccov355_start_blk12                     text21           003A7
__ccov356_end_blk14                       text21           003B2
__ccov356_start_blk14                     text21           003AA
__ccov357_end_blk15                       text21           003B6
[...]
__ccovbit6_31                             bitbssBANK0      00197
__ccovbit6_39                             bitbssBANK0      0018F
__ccovbit6_43                             bitbssBANK0      0018B
__ccovbit6_6                              bitbssCOMMON     00391
__ccovbit6_70                             bitbssBANK0      00170
__ccovbit6_87                             bitbssBANK0      0015F
__ccovbit6_98                             bitbssBANK0      00154
__ccovbit7_106                            bitbssBANK0      0014C
__ccovbit7_154                            bitbssBANK0      0011C
__ccovbit7_171                            bitbssBANK0      0010B
__ccovbit7_47                             bitbssBANK0      00187
__ccovbit7_71                             bitbssBANK0      0016F
__ccovbit7_99                             bitbssBANK0      00153
__ccovbit8_116                            bitbssBANK0      00142
__ccovbit8_122                            bitbssBANK0      0013C
__ccovbit8_136                            bitbssBANK0      0012E
__ccovbit8_182                            bitbssBANK0      00100
__ccovbit8_29                             bitbssBANK0      00199
__ccovbit8_32                             bitbssBANK0      00196
__ccovbit8_88                             bitbssBANK0      0015E
__ccovbit9_180                            bitbssBANK0      00102
__ccovbit9_5                              bitbssCOMMON     00392
__ccovbit9_62                             bitbssBANK0      00178
__ccovbit9_67                             bitbssBANK0      00173
__end_of_ADC_GetConversion                text20           00530
__end_of_ADC_Initialize                   text15           00676
__end_of_AUTOROTATION_DAYS                stringtext10     006C6
__end_of_AUTOROTATION_DELAY               stringtext1      006B7
__end_of_BAD_WSP_VOLTAGE                  stringtext3      006BE
__end_of_EEPROM_ReadByte                  text5            00517
__end_of_EEPROM_WriteByte                 text4            00462
__end_of_FRIMWARE_VERSION_EEPROM_ADR      stringtext7      006CB
__end_of_FUN_MEAS_COUNT                   stringtext15     006D0
__end_of_GOOD_WSP_VOLTAGE                 stringtext2      006BC
__end_of_HIGH_WATER_RESISTANSE            stringtext8      006C2
__end_of_INTERRUPT_InterruptManager       intentry         0002D
__end_of_JUMP_MEAS_COUNT                  stringtext14     006CF
__end_of_LONG_ZUMMER_DELAY                stringtext17     006D2
__end_of_LOW_WATER_RESISTANSE             stringtext9      006C4
__end_of_MELODY_REPEAT_DELAY              stringtext5      006C9
__end_of_MOVING_WAIT_DELAY                stringtext6      006CA
__end_of_OSCILLATOR_Initialize            text14           0067E
__end_of_PIN_MANAGER_Initialize           text13           005A6
__end_of_RELE_GAP                         stringtext11     006CC
__end_of_RELE_POWER_AUTOROTATION_DELAY    stringtext12     006CD
__end_of_RELE_POWER_WORK_DELAY            stringtext13     006CE
__end_of_SHORT_ZUMMER_DELAY               stringtext18     006D3
__end_of_SYSTEM_Initialize                text7            005E6
__end_of_TMR0_DefaultInterruptHandler     text49           006BA
__end_of_TMR0_ISR                         text48           0062F
__end_of_TMR0_Initialize                  text11           0058F
__end_of_TMR0_SetInterruptHandler         text12           00694
__end_of_TMR2_DefaultInterruptHandler     text35           006C8
__end_of_TMR2_ISR                         text34           0063F
__end_of_TMR2_Initialize                  text9            005F9
__end_of_TMR2_SetInterruptHandler         text10           0068D
__end_of_TMR2_StartTimer                  text6            006B4
__end_of_UP_RESISTANSE                    stringtext4      006C0
__end_of_WDT_Initialize                   text8            006AB
__end_of_WSP_MEAS_COUNT                   stringtext16     006D1
__end_of__initialization                  cinit            00047
__end_of_autorotation_work                text27           001E9
__end_of_beep_double                      text43           0061D
__end_of_beep_long                        text45           00549
__end_of_beep_short                       text44           004FE
__end_of_clear_alarm                      text19           006B0
__end_of_close                            text24           004A7
__end_of_eeprom_set                       text3            00578
__end_of_fun_work                         text23           0023B
__end_of_get_fun                          text22           00283
__end_of_get_jump                         text21           003BE
__end_of_get_wsp                          text17           0012F
__end_of_go_close                         text26           00414
__end_of_go_close_alt                     text25           005BD
__end_of_go_close_short                   text32           00486
__end_of_go_open                          text31           004E4
__end_of_go_open_alt                      text30           0060B
__end_of_hardware_work                    text16           00383
__end_of_main                             maintext         0043C
__end_of_minute_tick                      text41           00561
__end_of_ms_100_work                      text47           0065E
__end_of_ms_200_work                      text42           002C6
__end_of_ms_tick                          text36           00308
__end_of_open                             text28           004C8
__end_of_rele_off                         text29           005D2
__end_of_rele_tick                        text40           0018F
__end_of_sec_30_work                      text39           0064F
__end_of_sec_work                         text38           000CC
__end_of_start_alarm                      text18           00686
__end_of_start_setup                      text2            00348
__end_of_start_tone                       text46           006A6
__end_of_stop_tone                        text37           006A0
__end_of_switch_wm                        text1            003EA
__end_of_zummer_switch                    text50           0066D
__initialization                          cinit            0002F
__pbitbssBANK0                            bitbssBANK0      00100
__pbitbssCOMMON                           bitbssCOMMON     00380
__pbssBANK0                               bssBANK0         00034
__pbssCOMMON                              bssCOMMON        00079
__pcodecov_info                           codecov_info     00000
__pcodecov_info_hdr                       codecov_info_hdr 00000
__pcstackBANK0                            cstackBANK0      00058
__pcstackCOMMON                           cstackCOMMON     00073
__pintentry                               intentry         00004
__pmaintext                               maintext         00414
__pnvBANK0                                nvBANK0          00053
__pstringtext1                            stringtext1      006B4
__pstringtext10                           stringtext10     006C4
__pstringtext11                           stringtext11     006CB
__pstringtext12                           stringtext12     006CC
__pstringtext13                           stringtext13     006CD
__pstringtext14                           stringtext14     006CE
__pstringtext15                           stringtext15     006CF
__pstringtext16                           stringtext16     006D0
__pstringtext17                           stringtext17     006D1
__pstringtext18                           stringtext18     006D2
__pstringtext2                            stringtext2      006BA
__pstringtext3                            stringtext3      006BC
__pstringtext4                            stringtext4      006BE
__pstringtext5                            stringtext5      006C8
__pstringtext6                            stringtext6      006C9
__pstringtext7                            stringtext7      006CA
__pstringtext8                            stringtext8      006C0
__pstringtext9                            stringtext9      006C2
__ptext1                                  text1            003BE
__ptext10                                 text10           00686
__ptext11                                 text11           00578
__ptext12                                 text12           0068D
__ptext13                                 text13           0058F
__ptext14                                 text14           00676
__ptext15                                 text15           0066D
__ptext16                                 text16           00348
__ptext17                                 text17           000CC
__ptext18                                 text18           0067E
__ptext19                                 text19           006AB
__ptext2                                  text2            00308
__ptext20                                 text20           00517
__ptext21                                 text21           00383
__ptext22                                 text22           0023B
__ptext23                                 text23           001E9
__ptext24                                 text24           00486
__ptext25                                 text25           005A6
__ptext26                                 text26           003EA
__ptext27                                 text27           0018F
__ptext28                                 text28           004A7
__ptext29                                 text29           005BD
__ptext3                                  text3            00561
__ptext30                                 text30           005F9
__ptext31                                 text31           004C8
__ptext32                                 text32           00462
__ptext34                                 text34           0062F
__ptext35                                 text35           006C6
__ptext36                                 text36           002C6
__ptext37                                 text37           0069A
__ptext38                                 text38           0004B
__ptext39                                 text39           0063F
__ptext4                                  text4            0043C
__ptext40                                 text40           0012F
__ptext41                                 text41           00549
__ptext42                                 text42           00283
__ptext43                                 text43           0060B
__ptext44                                 text44           004E4
__ptext45                                 text45           00530
__ptext46                                 text46           006A0
__ptext47                                 text47           0064F
__ptext48                                 text48           0061D
__ptext49                                 text49           006B7
__ptext5                                  text5            004FE
__ptext50                                 text50           0065E
__ptext6                                  text6            006B0
__ptext7                                  text7            005D2
__ptext8                                  text8            006A6
__ptext9                                  text9            005E6
_autorotation_work                        text27           0018F
_beep_double                              text43           0060B
_beep_long                                text45           00530
_beep_long_count                          bssBANK0         0004E
_beep_short                               text44           004E4
_beep_short_count                         bssCOMMON        0007D
_clear_alarm                              text19           006AB
_close                                    text24           00486
_eeprom_set                               text3            00561
_ff                                       bssCOMMON        00079
_fun_work                                 text23           001E9
_get_fun                                  text22           0023B
_get_jump                                 text21           00383
_get_wsp                                  text17           000CC
_go_close                                 text26           003EA
_go_close_alt                             text25           005A6
_go_close_short                           text32           00462
_go_open                                  text31           004C8
_go_open_alt                              text30           005F9
_hardware_work                            text16           00348
_main                                     maintext         00414
_minute_tick                              text41           00549
_ms_100_work                              text47           0064F
_ms_200_work                              text42           00283
_ms_tick                                  text36           002C6
_open                                     text28           004A7
_rele_off                                 text29           005BD
_rele_tick                                text40           0012F
_sec_30_work                              text39           0063F
_sec_count                                bssBANK0         00052
_sec_work                                 text38           0004B
_start_alarm                              text18           0067E
_start_setup                              text2            00308
_start_tone                               text46           006A0
_stop_tone                                text37           0069A
_switch_wm                                text1            003BE
_time_meas                                bssBANK0         0004F
_time_melody                              bssBANK0         00051
_time_moving_wait                         bssBANK0         00050
_time_rele_control                        bssBANK0         00043
_time_rele_gap                            bssBANK0         00041
_time_rele_power                          bssBANK0         00045
_time_rotation                            bssBANK0         00034
_time_tone                                bssBANK0         0003F
_time_zummer_long                         bssBANK0         0003B
_time_zummer_short                        bssBANK0         0003D
_timer0ReloadVal                          nvBANK0          00057
_zummer_switch                            text50           0065E
btemp                                     (abs)            0007E
clear_ram0                                clrtext          00694
eeprom_set@vers                           cstackBANK0      00059
end_of_initialization                     cinit            00047
get_fun@fun_counter                       bssBANK0         0004A
get_jump@jump_counter                     bssBANK0         00049
get_wsp@bad_measures_counter              bssBANK0         0004B
get_wsp@res                               cstackBANK0      00058
int$flags                                 (abs)            0007E
intlevel0                                 functab          00000
intlevel1                                 functab          00000
intlevel2                                 functab          00000
intlevel3                                 functab          00000
intlevel4                                 functab          00000
intlevel5                                 functab          00000
ms_tick@ms_count                          bssBANK0         00039
ms_tick@s_count                           bssBANK0         00037
reset_vec                                 reset_vec        00000
sec_work@iled                             bssBANK0         0004C
start                                     init             0002D
start_initialization                      cinit            0002F
wtemp0                                    (abs)            0007E


MODULE INFORMATION

Module		Function		Class		Link	Load	Size
mcc_generated_files/tmr2.c
		_TMR2_ISR      		CODE           	062F	0000	16
		_TMR2_Initialize		CODE           	05E6	0000	19
		_TMR2_SetInterruptHandler		CODE           	0686	0000	7
		_TMR2_DefaultInterruptHandler		CODE           	06C6	0000	2
		_TMR2_StartTimer		CODE           	06B0	0000	4

mcc_generated_files/tmr2.c estimated size: 48

mcc_generated_files/interrupt_manager.c
		_INTERRUPT_InterruptManager		CODE           	0004	0000	41

mcc_generated_files/interrupt_manager.c estimated size: 41

mcc_generated_files/tmr0.c
		_TMR0_SetInterruptHandler		CODE           	068D	0000	7
		_TMR0_DefaultInterruptHandler		CODE           	06B7	0000	3
		_TMR0_ISR      		CODE           	061D	0000	18
		_TMR0_Initialize		CODE           	0578	0000	23

mcc_generated_files/tmr0.c estimated size: 51

mcc_generated_files/pin_manager.c
		_PIN_MANAGER_Initialize		CODE           	058F	0000	23

mcc_generated_files/pin_manager.c estimated size: 23

mcc_generated_files/adc.c
		_ADC_Initialize		CODE           	066D	0000	9
		_ADC_GetConversion		CODE           	0517	0000	25

mcc_generated_files/adc.c estimated size: 34

eeprom.c
		_EEPROM_WriteByte		CODE           	043C	0000	38
		_EEPROM_ReadByte		CODE           	04FE	0000	25

eeprom.c estimated size: 63

shared
		_FUN_MEAS_COUNT		STRCODE        	0000	0000	0
		_RELE_GAP      		STRCODE        	0000	0000	0
		_RELE_POWER_WORK_DELAY		STRCODE        	0000	0000	0
		_HIGH_WATER_RESISTANSE		STRCODE        	0000	0000	0
		_BAD_WSP_VOLTAGE		STRCODE        	0000	0000	0
		_WSP_MEAS_COUNT		STRCODE        	0000	0000	0
		_LOW_WATER_RESISTANSE		STRCODE        	0000	0000	0
		_SHORT_ZUMMER_DELAY		STRCODE        	0000	0000	0
		_MOVING_WAIT_DELAY		STRCODE        	0000	0000	0
		_AUTOROTATION_DELAY		STRCODE        	0000	0000	0
		__initialization		CODE           	002F	0000	24
		_LONG_ZUMMER_DELAY		STRCODE        	0000	0000	0
		_FRIMWARE_VERSION_EEPROM_ADR		STRCODE        	0000	0000	0
		_UP_RESISTANSE 		STRCODE        	0000	0000	0
		_JUMP_MEAS_COUNT		STRCODE        	0000	0000	0
		_AUTOROTATION_DAYS		STRCODE        	0000	0000	0
		_RELE_POWER_AUTOROTATION_DELAY		STRCODE        	0000	0000	0
		_GOOD_WSP_VOLTAGE		STRCODE        	0000	0000	0
		_MELODY_REPEAT_DELAY		STRCODE        	0000	0000	0

shared estimated size: 24

mcc_generated_files/mcc.c
		_WDT_Initialize		CODE           	06A6	0000	5
		_OSCILLATOR_Initialize		CODE           	0676	0000	8
		_SYSTEM_Initialize		CODE           	05D2	0000	20

mcc_generated_files/mcc.c estimated size: 33

main.c
		_go_close      		CODE           	03EA	0000	42
		_zummer_switch 		CODE           	065E	0000	15
		_go_close_alt  		CODE           	05A6	0000	23
		_autorotation_work		CODE           	018F	0000	90
		_beep_long     		CODE           	0530	0000	25
		_ms_100_work   		CODE           	064F	0000	15
		_start_alarm   		CODE           	067E	0000	8
		_hardware_work 		CODE           	0348	0000	59
		_clear_alarm   		CODE           	06AB	0000	5
		_start_tone    		CODE           	06A0	0000	6
		_ms_200_work   		CODE           	0283	0000	67
		_rele_tick     		CODE           	012F	0000	96
		_main          		CODE           	0414	0000	40
		_go_close_short		CODE           	0462	0000	36
		_minute_tick   		CODE           	0549	0000	24
		_beep_double   		CODE           	060B	0000	18
		_open          		CODE           	04A7	0000	33
		_close         		CODE           	0486	0000	33
		_rele_off      		CODE           	05BD	0000	21
		_ms_tick       		CODE           	02C6	0000	66
		_switch_wm     		CODE           	03BE	0000	44
		_start_setup   		CODE           	0308	0000	64
		_sec_30_work   		CODE           	063F	0000	16
		_get_wsp       		CODE           	00CC	0000	99
		_fun_work      		CODE           	01E9	0000	82
		_beep_short    		CODE           	04E4	0000	26
		_stop_tone     		CODE           	069A	0000	6
		_go_open       		CODE           	04C8	0000	28
		_eeprom_set    		CODE           	0561	0000	23
		_go_open_alt   		CODE           	05F9	0000	18
		_get_fun       		CODE           	023B	0000	72
		_get_jump      		CODE           	0383	0000	59
		_sec_work      		CODE           	004B	0000	129

main.c estimated size: 1388

